// Jest Snapshot v1, https://goo.gl/fbAQLP

exports[`Layout renders children correctly 1`] = `
<div>
  <div
    className="child"
  />
</div>
`;
